<div id="main">
  <div class="sub-section">
    Foo
  </div>
  <div class="section-content">
    This is the foo section, it only has text
  </div>
  <div class="sub-section">
    Bar
  </div>
  <div class="section-content">
    <img src="image.png" />
    <div>
      Bar section has images, and sub-children
    </div>
  </div>
</div>
