<div id="content">
    I haven't yet put anything on this page
    <p>
        Compatible with all major browsers:
        <img src="Firefox.jpg" alt="Firefox" />
        <img src="Chrome.jpg" alt="Chrome" />
        <img src="IE.jpg" alt="IE" />
        <img src="Opera.jpg" alt="Opera" />
        <img src="Safari.jpg" alt="Safari" />
    </p>
</div>
