<div id='nav-menu'>
  <div class='nav-button'>
    <img src="'Main'.png" alt="Navigate to 'Main'" />
  </div>
  <div class='nav-button'>
    <img src="'Products'.png" alt="Navigate to 'Products'" />
  </div>
  <div class='nav-button'>
    <img src="'Blog'.png" alt="Navigate to 'Blog'" />
  </div>
  <div class='nav-button'>
    <img src="'About'.png" alt="Navigate to 'About'" />
  </div>
</div>
