<div id="content">
  I haven't yet put anything on this page
  <p>
    Compatible with all major browsers:
    <img src="firefox.jpg" alt="Firefox" />
    <img src="chrome.jpg" alt="Chrome" />
    <img src="ie.jpg" alt="Internet Explorer" />
    <img src="opera.jpg" alt="Opera" />
    <img src="safari.jpg" alt="Safari" />
  </p>
</div>
